#-----------------------------------------------------------
# Webtalk v2020.2 (64-bit)
# SW Build 3064766 on Wed Nov 18 09:12:45 MST 2020
# IP Build 3064653 on Wed Nov 18 14:17:31 MST 2020
# Start of session at: Sun May  2 18:12:36 2021
# Process ID: 10800
# Current directory: D:/VS/4.semestr/BPC-DE1/Computer_exercise/Digital-electronics-1/Labs/project/COMPUTATION/P_DISTANCE/p_DISTANCE/p_DISTANCE.sim/sim_1/behav/xsim
# Command line: wbtcv.exe -mode batch -source D:/VS/4.semestr/BPC-DE1/Computer_exercise/Digital-electronics-1/Labs/project/COMPUTATION/P_DISTANCE/p_DISTANCE/p_DISTANCE.sim/sim_1/behav/xsim/xsim.dir/tb_distance_behav/webtalk/xsim_webtalk.tcl -notrace
# Log file: D:/VS/4.semestr/BPC-DE1/Computer_exercise/Digital-electronics-1/Labs/project/COMPUTATION/P_DISTANCE/p_DISTANCE/p_DISTANCE.sim/sim_1/behav/xsim/webtalk.log
# Journal file: D:/VS/4.semestr/BPC-DE1/Computer_exercise/Digital-electronics-1/Labs/project/COMPUTATION/P_DISTANCE/p_DISTANCE/p_DISTANCE.sim/sim_1/behav/xsim\webtalk.jou
#-----------------------------------------------------------
source D:/VS/4.semestr/BPC-DE1/Computer_exercise/Digital-electronics-1/Labs/project/COMPUTATION/P_DISTANCE/p_DISTANCE/p_DISTANCE.sim/sim_1/behav/xsim/xsim.dir/tb_distance_behav/webtalk/xsim_webtalk.tcl -notrace
